<html xmlns="http://www.w3.org/1999/xhtml">
<head>
<meta http-equiv="Content-Type" content="text/html; charset=utf-8" />
<title>test</title>
</head>
<body style="margin: 0;text-align:center;">
<table width="600" cellpadding="0" cellspacing="0" style="margin: 0 auto; text-align:left;">
<tbody>
<tr>
	<td style="text-align: center">
	<a href="http://www.dummy.com/">Click here</a></td>
</tr>
<tr>
	<td valign="top" style="text-align: center">
	<a href="http://test.com/">
	<img alt="" src="http://test.gif" width="205" height="67" style="border-width: 0px"></a></tr>
<tr>
	<td valign="top">
	<table width="600" cellpadding="0" cellspacing="0" style="margin: 0 auto;">
	<tbody>
	<tr>
		<td valign="top">
			&nbsp;<p style="margin: 3px 0 0;font-size:10px;font-family:Arial, Helvetica, sans-serif;color:#666666; text-align:center;">&copy;2010
			Pfizer.<br>
						test <a href="http://www.dummy.com/" style="color:#666666;"></a>.</p>
		</td>
	</tr>
	</tbody>
	</table>
	</td>
</tr>
</tbody>
</table>
</body>
</html>