¤ªÆ£¤ì˜”¤Ç¤¹¡£¥Æ¥¹¥È¤Ç¤¹.

¤è¤í¤·¤¯¤ªîŠ¤¤¤¤¤¿¤·¤Þ¤¹¡£
